// Jest Snapshot v1, https://goo.gl/fbAQLP

exports[`should render formCep 1`] = `
<div>
  <form
    class="css-1ldrcmr"
  >
    <div
      class="css-1viozcy"
    >
      <div
        class="css-1e8zq2i"
      >
        <label
          class="css-knfhfe"
          for="cep"
        >
          Cep
        </label>
        <input
          class="css-4y926w"
          id="cep"
          name="cep"
          placeholder="CEP"
          type="text"
        />
      </div>
      <div
        class="css-1e8zq2i"
      >
        <label
          class="css-knfhfe"
          for="bairro"
        >
          Bairro
        </label>
        <input
          class="css-4y926w"
          id="bairro"
          name="bairro"
          placeholder="bairro"
          type="text"
          value="Estrelas"
        />
      </div>
      <div
        class="css-1e8zq2i"
      >
        <label
          class="css-knfhfe"
          for="logradouro"
        >
          Logradouro
        </label>
        <input
          class="css-4y926w"
          id="logradouro"
          name="logradouro"
          placeholder="logradouro"
          type="text"
          value="Rua escorpiÃ£o"
        />
      </div>
    </div>
  </form>
</div>
`;
